INFO:root:Processing SYN-1-CLUSTERED-8.json...
INFO:app.optimisation.orchestrator:Starting optimisation for SYN-1-CLUSTERED-8
D:\helloworld\surge\optimisation-python\.venv\Lib\site-packages\joblib\externals\loky\backend\context.py:131: UserWarning: Could not find the number of physical cores for the following reason:
found 0 physical cores < 1
Returning the number of logical cores instead. You can silence this warning by setting LOKY_MAX_CPU_COUNT to the number of cores you want to use.
  warnings.warn(
  File "D:\helloworld\surge\optimisation-python\.venv\Lib\site-packages\joblib\externals\loky\backend\context.py", line 255, in _count_physical_cores
    raise ValueError(f"found {cpu_count_physical} physical cores < 1")
INFO:app.optimisation.orchestrator:Generated 2 scenario definitions
INFO:app.optimisation.candidate_evaluation:SCN-001 electrical validation completed
INFO:app.optimisation.candidate_evaluation:SCN-001 engineering metrics extracted
INFO:app.optimisation.candidate_evaluation:SCN-001 lifecycle cost evaluated
INFO:app.optimisation.candidate_evaluation:SCN-002 electrical validation completed
INFO:app.optimisation.candidate_evaluation:SCN-002 engineering metrics extracted
INFO:app.optimisation.candidate_evaluation:SCN-002 lifecycle cost evaluated
INFO:app.optimisation.candidate_evaluation:SCN-S1-001 electrical validation completed
INFO:app.optimisation.candidate_evaluation:SCN-S1-001 engineering metrics extracted
INFO:app.optimisation.candidate_evaluation:SCN-S1-001 lifecycle cost evaluated
INFO:app.optimisation.candidate_evaluation:SCN-S1-002 electrical validation completed
INFO:app.optimisation.candidate_evaluation:SCN-S1-002 engineering metrics extracted
INFO:app.optimisation.candidate_evaluation:SCN-S1-002 lifecycle cost evaluated
INFO:app.optimisation.candidate_evaluation:SCN-S1-003 electrical validation completed
INFO:app.optimisation.candidate_evaluation:SCN-S1-003 engineering metrics extracted
INFO:app.optimisation.candidate_evaluation:SCN-S1-003 lifecycle cost evaluated
INFO:app.optimisation.candidate_evaluation:SCN-S1-004 electrical validation completed
INFO:app.optimisation.candidate_evaluation:SCN-S1-004 engineering metrics extracted
INFO:app.optimisation.candidate_evaluation:SCN-S1-004 lifecycle cost evaluated
INFO:app.optimisation.candidate_evaluation:SCN-S1-005 electrical validation completed
INFO:app.optimisation.candidate_evaluation:SCN-S1-005 engineering metrics extracted
INFO:app.optimisation.candidate_evaluation:SCN-S1-005 lifecycle cost evaluated
INFO:app.optimisation.candidate_evaluation:SCN-S1-006 electrical validation completed
INFO:app.optimisation.candidate_evaluation:SCN-S1-006 engineering metrics extracted
INFO:app.optimisation.candidate_evaluation:SCN-S1-006 lifecycle cost evaluated
INFO:app.optimisation.candidate_evaluation:SCN-S1-007 electrical validation completed
INFO:app.optimisation.candidate_evaluation:SCN-S1-007 engineering metrics extracted
INFO:app.optimisation.candidate_evaluation:SCN-S1-007 lifecycle cost evaluated
INFO:app.optimisation.candidate_evaluation:SCN-S1-008 electrical validation completed
INFO:app.optimisation.candidate_evaluation:SCN-S1-008 engineering metrics extracted
INFO:app.optimisation.candidate_evaluation:SCN-S1-008 lifecycle cost evaluated
INFO:app.optimisation.candidate_evaluation:SCN-S1-009 electrical validation completed
INFO:app.optimisation.candidate_evaluation:SCN-S1-009 engineering metrics extracted
INFO:app.optimisation.candidate_evaluation:SCN-S1-009 lifecycle cost evaluated
INFO:app.optimisation.candidate_evaluation:SCN-S1-010 electrical validation completed
INFO:app.optimisation.candidate_evaluation:SCN-S1-010 engineering metrics extracted
INFO:app.optimisation.candidate_evaluation:SCN-S1-010 lifecycle cost evaluated
INFO:app.optimisation.candidate_evaluation:SCN-S1-011 electrical validation completed
INFO:app.optimisation.candidate_evaluation:SCN-S1-011 engineering metrics extracted
INFO:app.optimisation.candidate_evaluation:SCN-S1-011 lifecycle cost evaluated
INFO:app.optimisation.candidate_evaluation:SCN-S1-012 electrical validation completed
INFO:app.optimisation.candidate_evaluation:SCN-S1-012 engineering metrics extracted
INFO:app.optimisation.candidate_evaluation:SCN-S1-012 lifecycle cost evaluated
INFO:app.optimisation.candidate_evaluation:SCN-S1-013 electrical validation completed
INFO:app.optimisation.candidate_evaluation:SCN-S1-013 engineering metrics extracted
INFO:app.optimisation.candidate_evaluation:SCN-S1-013 lifecycle cost evaluated
INFO:app.optimisation.candidate_evaluation:SCN-S1-014 electrical validation completed
INFO:app.optimisation.candidate_evaluation:SCN-S1-014 engineering metrics extracted
INFO:app.optimisation.candidate_evaluation:SCN-S1-014 lifecycle cost evaluated
INFO:app.optimisation.candidate_evaluation:SCN-S1-015 electrical validation completed
INFO:app.optimisation.candidate_evaluation:SCN-S1-015 engineering metrics extracted
INFO:app.optimisation.candidate_evaluation:SCN-S1-015 lifecycle cost evaluated
INFO:app.optimisation.candidate_evaluation:SCN-S1-016 electrical validation completed
INFO:app.optimisation.candidate_evaluation:SCN-S1-016 engineering metrics extracted
INFO:app.optimisation.candidate_evaluation:SCN-S1-016 lifecycle cost evaluated
INFO:app.optimisation.candidate_evaluation:SCN-S1-017 electrical validation completed
INFO:app.optimisation.candidate_evaluation:SCN-S1-017 engineering metrics extracted
INFO:app.optimisation.candidate_evaluation:SCN-S1-017 lifecycle cost evaluated
INFO:app.optimisation.candidate_evaluation:SCN-S1-018 electrical validation completed
INFO:app.optimisation.candidate_evaluation:SCN-S1-018 engineering metrics extracted
INFO:app.optimisation.candidate_evaluation:SCN-S1-018 lifecycle cost evaluated
INFO:app.optimisation.candidate_evaluation:SCN-S1-019 electrical validation completed
INFO:app.optimisation.candidate_evaluation:SCN-S1-019 engineering metrics extracted
INFO:app.optimisation.candidate_evaluation:SCN-S1-019 lifecycle cost evaluated
INFO:app.optimisation.candidate_evaluation:SCN-S1-020 electrical validation completed
INFO:app.optimisation.candidate_evaluation:SCN-S1-020 engineering metrics extracted
INFO:app.optimisation.candidate_evaluation:SCN-S1-020 lifecycle cost evaluated
INFO:app.optimisation.candidate_evaluation:SCN-S1-021 electrical validation completed
INFO:app.optimisation.candidate_evaluation:SCN-S1-021 engineering metrics extracted
INFO:app.optimisation.candidate_evaluation:SCN-S1-021 lifecycle cost evaluated
INFO:app.optimisation.candidate_evaluation:SCN-S1-022 electrical validation completed
INFO:app.optimisation.candidate_evaluation:SCN-S1-022 engineering metrics extracted
INFO:app.optimisation.candidate_evaluation:SCN-S1-022 lifecycle cost evaluated
INFO:app.optimisation.candidate_evaluation:SCN-S1-023 electrical validation completed
INFO:app.optimisation.candidate_evaluation:SCN-S1-023 engineering metrics extracted
INFO:app.optimisation.candidate_evaluation:SCN-S1-023 lifecycle cost evaluated
INFO:app.optimisation.candidate_evaluation:SCN-S1-024 electrical validation completed
INFO:app.optimisation.candidate_evaluation:SCN-S1-024 engineering metrics extracted
INFO:app.optimisation.candidate_evaluation:SCN-S1-024 lifecycle cost evaluated
INFO:app.optimisation.candidate_evaluation:SCN-S1-025 electrical validation completed
INFO:app.optimisation.candidate_evaluation:SCN-S1-025 engineering metrics extracted
INFO:app.optimisation.candidate_evaluation:SCN-S1-025 lifecycle cost evaluated
INFO:app.optimisation.candidate_evaluation:SCN-S1-026 electrical validation completed
INFO:app.optimisation.candidate_evaluation:SCN-S1-026 engineering metrics extracted
INFO:app.optimisation.candidate_evaluation:SCN-S1-026 lifecycle cost evaluated
INFO:app.optimisation.candidate_evaluation:SCN-S1-027 electrical validation completed
INFO:app.optimisation.candidate_evaluation:SCN-S1-027 engineering metrics extracted
INFO:app.optimisation.candidate_evaluation:SCN-S1-027 lifecycle cost evaluated
INFO:app.optimisation.candidate_evaluation:SCN-S1-028 electrical validation completed
INFO:app.optimisation.candidate_evaluation:SCN-S1-028 engineering metrics extracted
INFO:app.optimisation.candidate_evaluation:SCN-S1-028 lifecycle cost evaluated
INFO:app.optimisation.candidate_evaluation:SCN-S1-029 electrical validation completed
INFO:app.optimisation.candidate_evaluation:SCN-S1-029 engineering metrics extracted
INFO:app.optimisation.candidate_evaluation:SCN-S1-029 lifecycle cost evaluated
INFO:app.optimisation.candidate_evaluation:SCN-S1-030 electrical validation completed
INFO:app.optimisation.candidate_evaluation:SCN-S1-030 engineering metrics extracted
INFO:app.optimisation.candidate_evaluation:SCN-S1-030 lifecycle cost evaluated
INFO:app.optimisation.candidate_evaluation:SCN-S1-031 electrical validation completed
INFO:app.optimisation.candidate_evaluation:SCN-S1-031 engineering metrics extracted
INFO:app.optimisation.candidate_evaluation:SCN-S1-031 lifecycle cost evaluated
INFO:app.optimisation.candidate_evaluation:SCN-S1-032 electrical validation completed
INFO:app.optimisation.candidate_evaluation:SCN-S1-032 engineering metrics extracted
INFO:app.optimisation.candidate_evaluation:SCN-S1-032 lifecycle cost evaluated
INFO:app.optimisation.candidate_evaluation:SCN-S1-033 electrical validation completed
INFO:app.optimisation.candidate_evaluation:SCN-S1-033 engineering metrics extracted
INFO:app.optimisation.candidate_evaluation:SCN-S1-033 lifecycle cost evaluated
INFO:app.optimisation.candidate_evaluation:SCN-S1-034 electrical validation completed
INFO:app.optimisation.candidate_evaluation:SCN-S1-034 engineering metrics extracted
INFO:app.optimisation.candidate_evaluation:SCN-S1-034 lifecycle cost evaluated
INFO:app.optimisation.candidate_evaluation:SCN-S1-035 electrical validation completed
INFO:app.optimisation.candidate_evaluation:SCN-S1-035 engineering metrics extracted
INFO:app.optimisation.candidate_evaluation:SCN-S1-035 lifecycle cost evaluated
INFO:app.optimisation.candidate_evaluation:SCN-S1-036 electrical validation completed
INFO:app.optimisation.candidate_evaluation:SCN-S1-036 engineering metrics extracted
INFO:app.optimisation.candidate_evaluation:SCN-S1-036 lifecycle cost evaluated
INFO:app.optimisation.candidate_evaluation:SCN-S1-037 electrical validation completed
INFO:app.optimisation.candidate_evaluation:SCN-S1-037 engineering metrics extracted
INFO:app.optimisation.candidate_evaluation:SCN-S1-037 lifecycle cost evaluated
INFO:app.optimisation.candidate_evaluation:SCN-S2-038 electrical validation completed
INFO:app.optimisation.candidate_evaluation:SCN-S2-038 engineering metrics extracted
INFO:app.optimisation.candidate_evaluation:SCN-S2-038 lifecycle cost evaluated
INFO:app.optimisation.candidate_evaluation:SCN-S2-039 electrical validation completed
INFO:app.optimisation.candidate_evaluation:SCN-S2-039 engineering metrics extracted
INFO:app.optimisation.candidate_evaluation:SCN-S2-039 lifecycle cost evaluated
INFO:app.optimisation.candidate_evaluation:SCN-S2-040 electrical validation completed
INFO:app.optimisation.candidate_evaluation:SCN-S2-040 engineering metrics extracted
INFO:app.optimisation.candidate_evaluation:SCN-S2-040 lifecycle cost evaluated
INFO:app.optimisation.orchestrator:Recommended candidate: SCN-S1-005
INFO:app.optimisation.orchestrator:Optimisation completed with status: SUCCESS
INFO:root:Finished SYN-1-CLUSTERED-8.json with status SUCCESS
INFO:root:Processing SYN-2-SPREAD-12.json...
INFO:app.optimisation.orchestrator:Starting optimisation for SYN-2-SPREAD-12
INFO:app.optimisation.orchestrator:Generated 2 scenario definitions
INFO:app.optimisation.candidate_evaluation:SCN-001 electrical validation completed
INFO:app.optimisation.candidate_evaluation:SCN-001 engineering metrics extracted
INFO:app.optimisation.candidate_evaluation:SCN-001 lifecycle cost evaluated
INFO:app.optimisation.candidate_evaluation:SCN-002 electrical validation completed
INFO:app.optimisation.candidate_evaluation:SCN-002 engineering metrics extracted
INFO:app.optimisation.candidate_evaluation:SCN-002 lifecycle cost evaluated
INFO:app.optimisation.candidate_evaluation:SCN-S1-001 electrical validation completed
INFO:app.optimisation.candidate_evaluation:SCN-S1-001 engineering metrics extracted
INFO:app.optimisation.candidate_evaluation:SCN-S1-001 lifecycle cost evaluated
INFO:app.optimisation.candidate_evaluation:SCN-S1-002 electrical validation completed
INFO:app.optimisation.candidate_evaluation:SCN-S1-002 engineering metrics extracted
INFO:app.optimisation.candidate_evaluation:SCN-S1-002 lifecycle cost evaluated
INFO:app.optimisation.candidate_evaluation:SCN-S1-003 electrical validation completed
INFO:app.optimisation.candidate_evaluation:SCN-S1-003 engineering metrics extracted
INFO:app.optimisation.candidate_evaluation:SCN-S1-003 lifecycle cost evaluated
INFO:app.optimisation.candidate_evaluation:SCN-S1-004 electrical validation completed
INFO:app.optimisation.candidate_evaluation:SCN-S1-004 engineering metrics extracted
INFO:app.optimisation.candidate_evaluation:SCN-S1-004 lifecycle cost evaluated
INFO:app.optimisation.candidate_evaluation:SCN-S1-005 electrical validation completed
INFO:app.optimisation.candidate_evaluation:SCN-S1-005 engineering metrics extracted
INFO:app.optimisation.candidate_evaluation:SCN-S1-005 lifecycle cost evaluated
INFO:app.optimisation.candidate_evaluation:SCN-S1-006 electrical validation completed
INFO:app.optimisation.candidate_evaluation:SCN-S1-006 engineering metrics extracted
INFO:app.optimisation.candidate_evaluation:SCN-S1-006 lifecycle cost evaluated
INFO:app.optimisation.candidate_evaluation:SCN-S1-007 electrical validation completed
INFO:app.optimisation.candidate_evaluation:SCN-S1-007 engineering metrics extracted
INFO:app.optimisation.candidate_evaluation:SCN-S1-007 lifecycle cost evaluated
INFO:app.optimisation.candidate_evaluation:SCN-S1-008 electrical validation completed
INFO:app.optimisation.candidate_evaluation:SCN-S1-008 engineering metrics extracted
INFO:app.optimisation.candidate_evaluation:SCN-S1-008 lifecycle cost evaluated
INFO:app.optimisation.candidate_evaluation:SCN-S1-009 electrical validation completed
INFO:app.optimisation.candidate_evaluation:SCN-S1-009 engineering metrics extracted
INFO:app.optimisation.candidate_evaluation:SCN-S1-009 lifecycle cost evaluated
INFO:app.optimisation.candidate_evaluation:SCN-S1-010 electrical validation completed
INFO:app.optimisation.candidate_evaluation:SCN-S1-010 engineering metrics extracted
INFO:app.optimisation.candidate_evaluation:SCN-S1-010 lifecycle cost evaluated
INFO:app.optimisation.candidate_evaluation:SCN-S1-011 electrical validation completed
INFO:app.optimisation.candidate_evaluation:SCN-S1-011 engineering metrics extracted
INFO:app.optimisation.candidate_evaluation:SCN-S1-011 lifecycle cost evaluated
INFO:app.optimisation.candidate_evaluation:SCN-S1-012 electrical validation completed
INFO:app.optimisation.candidate_evaluation:SCN-S1-012 engineering metrics extracted
INFO:app.optimisation.candidate_evaluation:SCN-S1-012 lifecycle cost evaluated
INFO:app.optimisation.candidate_evaluation:SCN-S1-013 electrical validation completed
INFO:app.optimisation.candidate_evaluation:SCN-S1-013 engineering metrics extracted
INFO:app.optimisation.candidate_evaluation:SCN-S1-013 lifecycle cost evaluated
INFO:app.optimisation.candidate_evaluation:SCN-S1-014 electrical validation completed
INFO:app.optimisation.candidate_evaluation:SCN-S1-014 engineering metrics extracted
INFO:app.optimisation.candidate_evaluation:SCN-S1-014 lifecycle cost evaluated
INFO:app.optimisation.candidate_evaluation:SCN-S1-015 electrical validation completed
INFO:app.optimisation.candidate_evaluation:SCN-S1-015 engineering metrics extracted
INFO:app.optimisation.candidate_evaluation:SCN-S1-015 lifecycle cost evaluated
INFO:app.optimisation.candidate_evaluation:SCN-S1-016 electrical validation completed
INFO:app.optimisation.candidate_evaluation:SCN-S1-016 engineering metrics extracted
INFO:app.optimisation.candidate_evaluation:SCN-S1-016 lifecycle cost evaluated
INFO:app.optimisation.candidate_evaluation:SCN-S1-017 electrical validation completed
INFO:app.optimisation.candidate_evaluation:SCN-S1-017 engineering metrics extracted
INFO:app.optimisation.candidate_evaluation:SCN-S1-017 lifecycle cost evaluated
INFO:app.optimisation.candidate_evaluation:SCN-S1-018 electrical validation completed
INFO:app.optimisation.candidate_evaluation:SCN-S1-018 engineering metrics extracted
INFO:app.optimisation.candidate_evaluation:SCN-S1-018 lifecycle cost evaluated
INFO:app.optimisation.candidate_evaluation:SCN-S1-019 electrical validation completed
INFO:app.optimisation.candidate_evaluation:SCN-S1-019 engineering metrics extracted
INFO:app.optimisation.candidate_evaluation:SCN-S1-019 lifecycle cost evaluated
INFO:app.optimisation.candidate_evaluation:SCN-S1-020 electrical validation completed
INFO:app.optimisation.candidate_evaluation:SCN-S1-020 engineering metrics extracted
INFO:app.optimisation.candidate_evaluation:SCN-S1-020 lifecycle cost evaluated
INFO:app.optimisation.candidate_evaluation:SCN-S1-021 electrical validation completed
INFO:app.optimisation.candidate_evaluation:SCN-S1-021 engineering metrics extracted
INFO:app.optimisation.candidate_evaluation:SCN-S1-021 lifecycle cost evaluated
INFO:app.optimisation.candidate_evaluation:SCN-S1-022 electrical validation completed
INFO:app.optimisation.candidate_evaluation:SCN-S1-022 engineering metrics extracted
INFO:app.optimisation.candidate_evaluation:SCN-S1-022 lifecycle cost evaluated
INFO:app.optimisation.candidate_evaluation:SCN-S1-023 electrical validation completed
INFO:app.optimisation.candidate_evaluation:SCN-S1-023 engineering metrics extracted
INFO:app.optimisation.candidate_evaluation:SCN-S1-023 lifecycle cost evaluated
INFO:app.optimisation.candidate_evaluation:SCN-S1-024 electrical validation completed
INFO:app.optimisation.candidate_evaluation:SCN-S1-024 engineering metrics extracted
INFO:app.optimisation.candidate_evaluation:SCN-S1-024 lifecycle cost evaluated
INFO:app.optimisation.candidate_evaluation:SCN-S1-025 electrical validation completed
INFO:app.optimisation.candidate_evaluation:SCN-S1-025 engineering metrics extracted
INFO:app.optimisation.candidate_evaluation:SCN-S1-025 lifecycle cost evaluated
INFO:app.optimisation.candidate_evaluation:SCN-S1-026 electrical validation completed
INFO:app.optimisation.candidate_evaluation:SCN-S1-026 engineering metrics extracted
INFO:app.optimisation.candidate_evaluation:SCN-S1-026 lifecycle cost evaluated
INFO:app.optimisation.candidate_evaluation:SCN-S1-027 electrical validation completed
INFO:app.optimisation.candidate_evaluation:SCN-S1-027 engineering metrics extracted
INFO:app.optimisation.candidate_evaluation:SCN-S1-027 lifecycle cost evaluated
INFO:app.optimisation.candidate_evaluation:SCN-S1-028 electrical validation completed
INFO:app.optimisation.candidate_evaluation:SCN-S1-028 engineering metrics extracted
INFO:app.optimisation.candidate_evaluation:SCN-S1-028 lifecycle cost evaluated
INFO:app.optimisation.candidate_evaluation:SCN-S1-029 electrical validation completed
INFO:app.optimisation.candidate_evaluation:SCN-S1-029 engineering metrics extracted
INFO:app.optimisation.candidate_evaluation:SCN-S1-029 lifecycle cost evaluated
INFO:app.optimisation.candidate_evaluation:SCN-S1-030 electrical validation completed
INFO:app.optimisation.candidate_evaluation:SCN-S1-030 engineering metrics extracted
INFO:app.optimisation.candidate_evaluation:SCN-S1-030 lifecycle cost evaluated
INFO:app.optimisation.candidate_evaluation:SCN-S1-031 electrical validation completed
INFO:app.optimisation.candidate_evaluation:SCN-S1-031 engineering metrics extracted
INFO:app.optimisation.candidate_evaluation:SCN-S1-031 lifecycle cost evaluated
INFO:app.optimisation.candidate_evaluation:SCN-S1-032 electrical validation completed
INFO:app.optimisation.candidate_evaluation:SCN-S1-032 engineering metrics extracted
INFO:app.optimisation.candidate_evaluation:SCN-S1-032 lifecycle cost evaluated
INFO:app.optimisation.candidate_evaluation:SCN-S1-033 electrical validation completed
INFO:app.optimisation.candidate_evaluation:SCN-S1-033 engineering metrics extracted
INFO:app.optimisation.candidate_evaluation:SCN-S1-033 lifecycle cost evaluated
INFO:app.optimisation.candidate_evaluation:SCN-S1-034 electrical validation completed
INFO:app.optimisation.candidate_evaluation:SCN-S1-034 engineering metrics extracted
INFO:app.optimisation.candidate_evaluation:SCN-S1-034 lifecycle cost evaluated
INFO:app.optimisation.candidate_evaluation:SCN-S1-035 electrical validation completed
INFO:app.optimisation.candidate_evaluation:SCN-S1-035 engineering metrics extracted
INFO:app.optimisation.candidate_evaluation:SCN-S1-035 lifecycle cost evaluated
INFO:app.optimisation.candidate_evaluation:SCN-S1-036 electrical validation completed
INFO:app.optimisation.candidate_evaluation:SCN-S1-036 engineering metrics extracted
INFO:app.optimisation.candidate_evaluation:SCN-S1-036 lifecycle cost evaluated
INFO:app.optimisation.candidate_evaluation:SCN-S1-037 electrical validation completed
INFO:app.optimisation.candidate_evaluation:SCN-S1-037 engineering metrics extracted
INFO:app.optimisation.candidate_evaluation:SCN-S1-037 lifecycle cost evaluated
INFO:app.optimisation.candidate_evaluation:SCN-S1-038 electrical validation completed
INFO:app.optimisation.candidate_evaluation:SCN-S1-038 engineering metrics extracted
INFO:app.optimisation.candidate_evaluation:SCN-S1-038 lifecycle cost evaluated
INFO:app.optimisation.candidate_evaluation:SCN-S1-039 electrical validation completed
INFO:app.optimisation.candidate_evaluation:SCN-S1-039 engineering metrics extracted
INFO:app.optimisation.candidate_evaluation:SCN-S1-039 lifecycle cost evaluated
INFO:app.optimisation.candidate_evaluation:SCN-S1-040 electrical validation completed
INFO:app.optimisation.candidate_evaluation:SCN-S1-040 engineering metrics extracted
INFO:app.optimisation.candidate_evaluation:SCN-S1-040 lifecycle cost evaluated
INFO:app.optimisation.orchestrator:Recommended candidate: SCN-S1-033
INFO:app.optimisation.orchestrator:Optimisation completed with status: SUCCESS
INFO:root:Finished SYN-2-SPREAD-12.json with status SUCCESS
INFO:root:Processing SYN-3-CLUSTERED-20.json...
INFO:app.optimisation.orchestrator:Starting optimisation for SYN-3-CLUSTERED-20
INFO:app.optimisation.orchestrator:Generated 2 scenario definitions
INFO:app.optimisation.candidate_evaluation:SCN-001 electrical validation completed
INFO:app.optimisation.candidate_evaluation:SCN-001 engineering metrics extracted
INFO:app.optimisation.candidate_evaluation:SCN-001 lifecycle cost evaluated
INFO:app.optimisation.candidate_evaluation:SCN-002 electrical validation completed
INFO:app.optimisation.candidate_evaluation:SCN-002 engineering metrics extracted
INFO:app.optimisation.candidate_evaluation:SCN-002 lifecycle cost evaluated
INFO:app.optimisation.candidate_evaluation:SCN-S1-001 electrical validation completed
INFO:app.optimisation.candidate_evaluation:SCN-S1-001 engineering metrics extracted
INFO:app.optimisation.candidate_evaluation:SCN-S1-001 lifecycle cost evaluated
INFO:app.optimisation.candidate_evaluation:SCN-S1-002 electrical validation completed
INFO:app.optimisation.candidate_evaluation:SCN-S1-002 engineering metrics extracted
INFO:app.optimisation.candidate_evaluation:SCN-S1-002 lifecycle cost evaluated
INFO:app.optimisation.candidate_evaluation:SCN-S1-003 electrical validation completed
INFO:app.optimisation.candidate_evaluation:SCN-S1-003 engineering metrics extracted
INFO:app.optimisation.candidate_evaluation:SCN-S1-003 lifecycle cost evaluated
INFO:app.optimisation.candidate_evaluation:SCN-S1-004 electrical validation completed
INFO:app.optimisation.candidate_evaluation:SCN-S1-004 engineering metrics extracted
INFO:app.optimisation.candidate_evaluation:SCN-S1-004 lifecycle cost evaluated
INFO:app.optimisation.candidate_evaluation:SCN-S1-005 electrical validation completed
INFO:app.optimisation.candidate_evaluation:SCN-S1-005 engineering metrics extracted
INFO:app.optimisation.candidate_evaluation:SCN-S1-005 lifecycle cost evaluated
INFO:app.optimisation.candidate_evaluation:SCN-S1-006 electrical validation completed
INFO:app.optimisation.candidate_evaluation:SCN-S1-006 engineering metrics extracted
INFO:app.optimisation.candidate_evaluation:SCN-S1-006 lifecycle cost evaluated
INFO:app.optimisation.candidate_evaluation:SCN-S1-007 electrical validation completed
INFO:app.optimisation.candidate_evaluation:SCN-S1-007 engineering metrics extracted
INFO:app.optimisation.candidate_evaluation:SCN-S1-007 lifecycle cost evaluated
INFO:app.optimisation.candidate_evaluation:SCN-S1-008 electrical validation completed
INFO:app.optimisation.candidate_evaluation:SCN-S1-008 engineering metrics extracted
INFO:app.optimisation.candidate_evaluation:SCN-S1-008 lifecycle cost evaluated
INFO:app.optimisation.candidate_evaluation:SCN-S1-009 electrical validation completed
INFO:app.optimisation.candidate_evaluation:SCN-S1-009 engineering metrics extracted
INFO:app.optimisation.candidate_evaluation:SCN-S1-009 lifecycle cost evaluated
INFO:app.optimisation.candidate_evaluation:SCN-S1-010 electrical validation completed
INFO:app.optimisation.candidate_evaluation:SCN-S1-010 engineering metrics extracted
INFO:app.optimisation.candidate_evaluation:SCN-S1-010 lifecycle cost evaluated
INFO:app.optimisation.candidate_evaluation:SCN-S1-011 electrical validation completed
INFO:app.optimisation.candidate_evaluation:SCN-S1-011 engineering metrics extracted
INFO:app.optimisation.candidate_evaluation:SCN-S1-011 lifecycle cost evaluated
INFO:app.optimisation.candidate_evaluation:SCN-S1-012 electrical validation completed
INFO:app.optimisation.candidate_evaluation:SCN-S1-012 engineering metrics extracted
INFO:app.optimisation.candidate_evaluation:SCN-S1-012 lifecycle cost evaluated
INFO:app.optimisation.candidate_evaluation:SCN-S1-013 electrical validation completed
INFO:app.optimisation.candidate_evaluation:SCN-S1-013 engineering metrics extracted
INFO:app.optimisation.candidate_evaluation:SCN-S1-013 lifecycle cost evaluated
INFO:app.optimisation.candidate_evaluation:SCN-S1-014 electrical validation completed
INFO:app.optimisation.candidate_evaluation:SCN-S1-014 engineering metrics extracted
INFO:app.optimisation.candidate_evaluation:SCN-S1-014 lifecycle cost evaluated
INFO:app.optimisation.candidate_evaluation:SCN-S1-015 electrical validation completed
INFO:app.optimisation.candidate_evaluation:SCN-S1-015 engineering metrics extracted
INFO:app.optimisation.candidate_evaluation:SCN-S1-015 lifecycle cost evaluated
INFO:app.optimisation.candidate_evaluation:SCN-S1-016 electrical validation completed
INFO:app.optimisation.candidate_evaluation:SCN-S1-016 engineering metrics extracted
INFO:app.optimisation.candidate_evaluation:SCN-S1-016 lifecycle cost evaluated
INFO:app.optimisation.candidate_evaluation:SCN-S1-017 electrical validation completed
INFO:app.optimisation.candidate_evaluation:SCN-S1-017 engineering metrics extracted
INFO:app.optimisation.candidate_evaluation:SCN-S1-017 lifecycle cost evaluated
INFO:app.optimisation.candidate_evaluation:SCN-S1-018 electrical validation completed
INFO:app.optimisation.candidate_evaluation:SCN-S1-018 engineering metrics extracted
INFO:app.optimisation.candidate_evaluation:SCN-S1-018 lifecycle cost evaluated
INFO:app.optimisation.candidate_evaluation:SCN-S1-019 electrical validation completed
INFO:app.optimisation.candidate_evaluation:SCN-S1-019 engineering metrics extracted
INFO:app.optimisation.candidate_evaluation:SCN-S1-019 lifecycle cost evaluated
INFO:app.optimisation.candidate_evaluation:SCN-S1-020 electrical validation completed
INFO:app.optimisation.candidate_evaluation:SCN-S1-020 engineering metrics extracted
INFO:app.optimisation.candidate_evaluation:SCN-S1-020 lifecycle cost evaluated
INFO:app.optimisation.candidate_evaluation:SCN-S1-021 electrical validation completed
INFO:app.optimisation.candidate_evaluation:SCN-S1-021 engineering metrics extracted
INFO:app.optimisation.candidate_evaluation:SCN-S1-021 lifecycle cost evaluated
INFO:app.optimisation.candidate_evaluation:SCN-S1-022 electrical validation completed
INFO:app.optimisation.candidate_evaluation:SCN-S1-022 engineering metrics extracted
INFO:app.optimisation.candidate_evaluation:SCN-S1-022 lifecycle cost evaluated
INFO:app.optimisation.candidate_evaluation:SCN-S1-023 electrical validation completed
INFO:app.optimisation.candidate_evaluation:SCN-S1-023 engineering metrics extracted
INFO:app.optimisation.candidate_evaluation:SCN-S1-023 lifecycle cost evaluated
INFO:app.optimisation.candidate_evaluation:SCN-S1-024 electrical validation completed
INFO:app.optimisation.candidate_evaluation:SCN-S1-024 engineering metrics extracted
INFO:app.optimisation.candidate_evaluation:SCN-S1-024 lifecycle cost evaluated
INFO:app.optimisation.candidate_evaluation:SCN-S1-025 electrical validation completed
INFO:app.optimisation.candidate_evaluation:SCN-S1-025 engineering metrics extracted
INFO:app.optimisation.candidate_evaluation:SCN-S1-025 lifecycle cost evaluated
INFO:app.optimisation.candidate_evaluation:SCN-S1-026 electrical validation completed
INFO:app.optimisation.candidate_evaluation:SCN-S1-026 engineering metrics extracted
INFO:app.optimisation.candidate_evaluation:SCN-S1-026 lifecycle cost evaluated
INFO:app.optimisation.candidate_evaluation:SCN-S1-027 electrical validation completed
INFO:app.optimisation.candidate_evaluation:SCN-S1-027 engineering metrics extracted
INFO:app.optimisation.candidate_evaluation:SCN-S1-027 lifecycle cost evaluated
INFO:app.optimisation.candidate_evaluation:SCN-S1-028 electrical validation completed
INFO:app.optimisation.candidate_evaluation:SCN-S1-028 engineering metrics extracted
INFO:app.optimisation.candidate_evaluation:SCN-S1-028 lifecycle cost evaluated
INFO:app.optimisation.candidate_evaluation:SCN-S1-029 electrical validation completed
INFO:app.optimisation.candidate_evaluation:SCN-S1-029 engineering metrics extracted
INFO:app.optimisation.candidate_evaluation:SCN-S1-029 lifecycle cost evaluated
INFO:app.optimisation.candidate_evaluation:SCN-S1-030 electrical validation completed
INFO:app.optimisation.candidate_evaluation:SCN-S1-030 engineering metrics extracted
INFO:app.optimisation.candidate_evaluation:SCN-S1-030 lifecycle cost evaluated
INFO:app.optimisation.candidate_evaluation:SCN-S1-031 electrical validation completed
INFO:app.optimisation.candidate_evaluation:SCN-S1-031 engineering metrics extracted
INFO:app.optimisation.candidate_evaluation:SCN-S1-031 lifecycle cost evaluated
INFO:app.optimisation.candidate_evaluation:SCN-S1-032 electrical validation completed
INFO:app.optimisation.candidate_evaluation:SCN-S1-032 engineering metrics extracted
INFO:app.optimisation.candidate_evaluation:SCN-S1-032 lifecycle cost evaluated
INFO:app.optimisation.candidate_evaluation:SCN-S1-033 electrical validation completed
INFO:app.optimisation.candidate_evaluation:SCN-S1-033 engineering metrics extracted
INFO:app.optimisation.candidate_evaluation:SCN-S1-033 lifecycle cost evaluated
INFO:app.optimisation.candidate_evaluation:SCN-S1-034 electrical validation completed
INFO:app.optimisation.candidate_evaluation:SCN-S1-034 engineering metrics extracted
INFO:app.optimisation.candidate_evaluation:SCN-S1-034 lifecycle cost evaluated
INFO:app.optimisation.candidate_evaluation:SCN-S1-035 electrical validation completed
INFO:app.optimisation.candidate_evaluation:SCN-S1-035 engineering metrics extracted
INFO:app.optimisation.candidate_evaluation:SCN-S1-035 lifecycle cost evaluated
INFO:app.optimisation.candidate_evaluation:SCN-S1-036 electrical validation completed
INFO:app.optimisation.candidate_evaluation:SCN-S1-036 engineering metrics extracted
INFO:app.optimisation.candidate_evaluation:SCN-S1-036 lifecycle cost evaluated
INFO:app.optimisation.candidate_evaluation:SCN-S1-037 electrical validation completed
INFO:app.optimisation.candidate_evaluation:SCN-S1-037 engineering metrics extracted
INFO:app.optimisation.candidate_evaluation:SCN-S1-037 lifecycle cost evaluated
INFO:app.optimisation.candidate_evaluation:SCN-S1-038 electrical validation completed
INFO:app.optimisation.candidate_evaluation:SCN-S1-038 engineering metrics extracted
INFO:app.optimisation.candidate_evaluation:SCN-S1-038 lifecycle cost evaluated
INFO:app.optimisation.candidate_evaluation:SCN-S1-039 electrical validation completed
INFO:app.optimisation.candidate_evaluation:SCN-S1-039 engineering metrics extracted
INFO:app.optimisation.candidate_evaluation:SCN-S1-039 lifecycle cost evaluated
INFO:app.optimisation.candidate_evaluation:SCN-S1-040 electrical validation completed
INFO:app.optimisation.candidate_evaluation:SCN-S1-040 engineering metrics extracted
INFO:app.optimisation.candidate_evaluation:SCN-S1-040 lifecycle cost evaluated
INFO:app.optimisation.orchestrator:Recommended candidate: SCN-S1-020
INFO:app.optimisation.orchestrator:Optimisation completed with status: SUCCESS
INFO:root:Finished SYN-3-CLUSTERED-20.json with status SUCCESS
INFO:root:Processing SYN-4-SPREAD-30.json...
INFO:app.optimisation.orchestrator:Starting optimisation for SYN-4-SPREAD-30
INFO:app.optimisation.orchestrator:Generated 2 scenario definitions
INFO:app.optimisation.candidate_evaluation:SCN-001 electrical validation completed
INFO:app.optimisation.candidate_evaluation:SCN-001 engineering metrics extracted
INFO:app.optimisation.candidate_evaluation:SCN-001 lifecycle cost evaluated
INFO:app.optimisation.candidate_evaluation:SCN-002 electrical validation completed
INFO:app.optimisation.candidate_evaluation:SCN-002 engineering metrics extracted
INFO:app.optimisation.candidate_evaluation:SCN-002 lifecycle cost evaluated
INFO:app.optimisation.candidate_evaluation:SCN-S1-001 electrical validation completed
INFO:app.optimisation.candidate_evaluation:SCN-S1-001 engineering metrics extracted
INFO:app.optimisation.candidate_evaluation:SCN-S1-001 lifecycle cost evaluated
INFO:app.optimisation.candidate_evaluation:SCN-S1-002 electrical validation completed
INFO:app.optimisation.candidate_evaluation:SCN-S1-002 engineering metrics extracted
INFO:app.optimisation.candidate_evaluation:SCN-S1-002 lifecycle cost evaluated
INFO:app.optimisation.candidate_evaluation:SCN-S1-003 electrical validation completed
INFO:app.optimisation.candidate_evaluation:SCN-S1-003 engineering metrics extracted
INFO:app.optimisation.candidate_evaluation:SCN-S1-003 lifecycle cost evaluated
INFO:app.optimisation.candidate_evaluation:SCN-S1-004 electrical validation completed
INFO:app.optimisation.candidate_evaluation:SCN-S1-004 engineering metrics extracted
INFO:app.optimisation.candidate_evaluation:SCN-S1-004 lifecycle cost evaluated
INFO:app.optimisation.candidate_evaluation:SCN-S1-005 electrical validation completed
INFO:app.optimisation.candidate_evaluation:SCN-S1-005 engineering metrics extracted
INFO:app.optimisation.candidate_evaluation:SCN-S1-005 lifecycle cost evaluated
INFO:app.optimisation.candidate_evaluation:SCN-S1-006 electrical validation completed
INFO:app.optimisation.candidate_evaluation:SCN-S1-006 engineering metrics extracted
INFO:app.optimisation.candidate_evaluation:SCN-S1-006 lifecycle cost evaluated
INFO:app.optimisation.candidate_evaluation:SCN-S1-007 electrical validation completed
INFO:app.optimisation.candidate_evaluation:SCN-S1-007 engineering metrics extracted
INFO:app.optimisation.candidate_evaluation:SCN-S1-007 lifecycle cost evaluated
INFO:app.optimisation.candidate_evaluation:SCN-S1-008 electrical validation completed
INFO:app.optimisation.candidate_evaluation:SCN-S1-008 engineering metrics extracted
INFO:app.optimisation.candidate_evaluation:SCN-S1-008 lifecycle cost evaluated
WARNING:app.optimisation.candidate_evaluation:SCN-S1-009 electrical repair stopped with status: REPAIR_EXHAUSTED
INFO:app.optimisation.candidate_evaluation:SCN-S1-010 electrical validation completed
INFO:app.optimisation.candidate_evaluation:SCN-S1-010 engineering metrics extracted
INFO:app.optimisation.candidate_evaluation:SCN-S1-010 lifecycle cost evaluated
WARNING:app.optimisation.candidate_evaluation:SCN-S1-011 electrical repair stopped with status: REPAIR_EXHAUSTED
INFO:app.optimisation.candidate_evaluation:SCN-S1-012 electrical validation completed
INFO:app.optimisation.candidate_evaluation:SCN-S1-012 engineering metrics extracted
INFO:app.optimisation.candidate_evaluation:SCN-S1-012 lifecycle cost evaluated
INFO:app.optimisation.candidate_evaluation:SCN-S1-013 electrical validation completed
INFO:app.optimisation.candidate_evaluation:SCN-S1-013 engineering metrics extracted
INFO:app.optimisation.candidate_evaluation:SCN-S1-013 lifecycle cost evaluated
INFO:app.optimisation.candidate_evaluation:SCN-S1-014 electrical validation completed
INFO:app.optimisation.candidate_evaluation:SCN-S1-014 engineering metrics extracted
INFO:app.optimisation.candidate_evaluation:SCN-S1-014 lifecycle cost evaluated
INFO:app.optimisation.candidate_evaluation:SCN-S1-015 electrical validation completed
INFO:app.optimisation.candidate_evaluation:SCN-S1-015 engineering metrics extracted
INFO:app.optimisation.candidate_evaluation:SCN-S1-015 lifecycle cost evaluated
INFO:app.optimisation.candidate_evaluation:SCN-S1-016 electrical validation completed
INFO:app.optimisation.candidate_evaluation:SCN-S1-016 engineering metrics extracted
INFO:app.optimisation.candidate_evaluation:SCN-S1-016 lifecycle cost evaluated
INFO:app.optimisation.candidate_evaluation:SCN-S1-017 electrical validation completed
INFO:app.optimisation.candidate_evaluation:SCN-S1-017 engineering metrics extracted
INFO:app.optimisation.candidate_evaluation:SCN-S1-017 lifecycle cost evaluated
INFO:app.optimisation.candidate_evaluation:SCN-S1-018 electrical validation completed
INFO:app.optimisation.candidate_evaluation:SCN-S1-018 engineering metrics extracted
INFO:app.optimisation.candidate_evaluation:SCN-S1-018 lifecycle cost evaluated
INFO:app.optimisation.candidate_evaluation:SCN-S1-019 electrical validation completed
INFO:app.optimisation.candidate_evaluation:SCN-S1-019 engineering metrics extracted
INFO:app.optimisation.candidate_evaluation:SCN-S1-019 lifecycle cost evaluated
INFO:app.optimisation.candidate_evaluation:SCN-S1-020 electrical validation completed
INFO:app.optimisation.candidate_evaluation:SCN-S1-020 engineering metrics extracted
INFO:app.optimisation.candidate_evaluation:SCN-S1-020 lifecycle cost evaluated
INFO:app.optimisation.candidate_evaluation:SCN-S1-021 electrical validation completed
INFO:app.optimisation.candidate_evaluation:SCN-S1-021 engineering metrics extracted
INFO:app.optimisation.candidate_evaluation:SCN-S1-021 lifecycle cost evaluated
INFO:app.optimisation.candidate_evaluation:SCN-S1-022 electrical validation completed
INFO:app.optimisation.candidate_evaluation:SCN-S1-022 engineering metrics extracted
INFO:app.optimisation.candidate_evaluation:SCN-S1-022 lifecycle cost evaluated
INFO:app.optimisation.candidate_evaluation:SCN-S1-023 electrical validation completed
INFO:app.optimisation.candidate_evaluation:SCN-S1-023 engineering metrics extracted
INFO:app.optimisation.candidate_evaluation:SCN-S1-023 lifecycle cost evaluated
INFO:app.optimisation.candidate_evaluation:SCN-S1-024 electrical validation completed
INFO:app.optimisation.candidate_evaluation:SCN-S1-024 engineering metrics extracted
INFO:app.optimisation.candidate_evaluation:SCN-S1-024 lifecycle cost evaluated
INFO:app.optimisation.candidate_evaluation:SCN-S1-025 electrical validation completed
INFO:app.optimisation.candidate_evaluation:SCN-S1-025 engineering metrics extracted
INFO:app.optimisation.candidate_evaluation:SCN-S1-025 lifecycle cost evaluated
INFO:app.optimisation.candidate_evaluation:SCN-S1-026 electrical validation completed
INFO:app.optimisation.candidate_evaluation:SCN-S1-026 engineering metrics extracted
INFO:app.optimisation.candidate_evaluation:SCN-S1-026 lifecycle cost evaluated
INFO:app.optimisation.candidate_evaluation:SCN-S1-027 electrical validation completed
INFO:app.optimisation.candidate_evaluation:SCN-S1-027 engineering metrics extracted
INFO:app.optimisation.candidate_evaluation:SCN-S1-027 lifecycle cost evaluated
INFO:app.optimisation.candidate_evaluation:SCN-S1-028 electrical validation completed
INFO:app.optimisation.candidate_evaluation:SCN-S1-028 engineering metrics extracted
INFO:app.optimisation.candidate_evaluation:SCN-S1-028 lifecycle cost evaluated
INFO:app.optimisation.candidate_evaluation:SCN-S1-029 electrical validation completed
INFO:app.optimisation.candidate_evaluation:SCN-S1-029 engineering metrics extracted
INFO:app.optimisation.candidate_evaluation:SCN-S1-029 lifecycle cost evaluated
INFO:app.optimisation.candidate_evaluation:SCN-S1-030 electrical validation completed
INFO:app.optimisation.candidate_evaluation:SCN-S1-030 engineering metrics extracted
INFO:app.optimisation.candidate_evaluation:SCN-S1-030 lifecycle cost evaluated
INFO:app.optimisation.candidate_evaluation:SCN-S1-031 electrical validation completed
INFO:app.optimisation.candidate_evaluation:SCN-S1-031 engineering metrics extracted
INFO:app.optimisation.candidate_evaluation:SCN-S1-031 lifecycle cost evaluated
INFO:app.optimisation.candidate_evaluation:SCN-S1-032 electrical validation completed
INFO:app.optimisation.candidate_evaluation:SCN-S1-032 engineering metrics extracted
INFO:app.optimisation.candidate_evaluation:SCN-S1-032 lifecycle cost evaluated
INFO:app.optimisation.candidate_evaluation:SCN-S1-033 electrical validation completed
INFO:app.optimisation.candidate_evaluation:SCN-S1-033 engineering metrics extracted
INFO:app.optimisation.candidate_evaluation:SCN-S1-033 lifecycle cost evaluated
INFO:app.optimisation.candidate_evaluation:SCN-S1-034 electrical validation completed
INFO:app.optimisation.candidate_evaluation:SCN-S1-034 engineering metrics extracted
INFO:app.optimisation.candidate_evaluation:SCN-S1-034 lifecycle cost evaluated
INFO:app.optimisation.candidate_evaluation:SCN-S1-035 electrical validation completed
INFO:app.optimisation.candidate_evaluation:SCN-S1-035 engineering metrics extracted
INFO:app.optimisation.candidate_evaluation:SCN-S1-035 lifecycle cost evaluated
INFO:app.optimisation.candidate_evaluation:SCN-S1-036 electrical validation completed
INFO:app.optimisation.candidate_evaluation:SCN-S1-036 engineering metrics extracted
INFO:app.optimisation.candidate_evaluation:SCN-S1-036 lifecycle cost evaluated
INFO:app.optimisation.candidate_evaluation:SCN-S1-037 electrical validation completed
INFO:app.optimisation.candidate_evaluation:SCN-S1-037 engineering metrics extracted
INFO:app.optimisation.candidate_evaluation:SCN-S1-037 lifecycle cost evaluated
INFO:app.optimisation.candidate_evaluation:SCN-S1-038 electrical validation completed
INFO:app.optimisation.candidate_evaluation:SCN-S1-038 engineering metrics extracted
INFO:app.optimisation.candidate_evaluation:SCN-S1-038 lifecycle cost evaluated
INFO:app.optimisation.candidate_evaluation:SCN-S1-039 electrical validation completed
INFO:app.optimisation.candidate_evaluation:SCN-S1-039 engineering metrics extracted
INFO:app.optimisation.candidate_evaluation:SCN-S1-039 lifecycle cost evaluated
INFO:app.optimisation.candidate_evaluation:SCN-S1-040 electrical validation completed
INFO:app.optimisation.candidate_evaluation:SCN-S1-040 engineering metrics extracted
INFO:app.optimisation.candidate_evaluation:SCN-S1-040 lifecycle cost evaluated
INFO:app.optimisation.orchestrator:Recommended candidate: SCN-S1-005
INFO:app.optimisation.orchestrator:Optimisation completed with status: PARTIAL_SUCCESS
INFO:root:Finished SYN-4-SPREAD-30.json with status PARTIAL_SUCCESS
INFO:root:Processing SYN-5-MIXED-40.json...
INFO:app.optimisation.orchestrator:Starting optimisation for SYN-5-MIXED-40
INFO:app.optimisation.orchestrator:Generated 2 scenario definitions
INFO:app.optimisation.candidate_evaluation:SCN-001 electrical validation completed
INFO:app.optimisation.candidate_evaluation:SCN-001 engineering metrics extracted
INFO:app.optimisation.candidate_evaluation:SCN-001 lifecycle cost evaluated
INFO:app.optimisation.candidate_evaluation:SCN-002 electrical validation completed
INFO:app.optimisation.candidate_evaluation:SCN-002 engineering metrics extracted
INFO:app.optimisation.candidate_evaluation:SCN-002 lifecycle cost evaluated
INFO:app.optimisation.candidate_evaluation:SCN-S1-001 electrical validation completed
INFO:app.optimisation.candidate_evaluation:SCN-S1-001 engineering metrics extracted
INFO:app.optimisation.candidate_evaluation:SCN-S1-001 lifecycle cost evaluated
INFO:app.optimisation.candidate_evaluation:SCN-S1-002 electrical validation completed
INFO:app.optimisation.candidate_evaluation:SCN-S1-002 engineering metrics extracted
INFO:app.optimisation.candidate_evaluation:SCN-S1-002 lifecycle cost evaluated
INFO:app.optimisation.candidate_evaluation:SCN-S1-003 electrical validation completed
INFO:app.optimisation.candidate_evaluation:SCN-S1-003 engineering metrics extracted
INFO:app.optimisation.candidate_evaluation:SCN-S1-003 lifecycle cost evaluated
INFO:app.optimisation.candidate_evaluation:SCN-S1-004 electrical validation completed
INFO:app.optimisation.candidate_evaluation:SCN-S1-004 engineering metrics extracted
INFO:app.optimisation.candidate_evaluation:SCN-S1-004 lifecycle cost evaluated
INFO:app.optimisation.candidate_evaluation:SCN-S1-005 electrical validation completed
INFO:app.optimisation.candidate_evaluation:SCN-S1-005 engineering metrics extracted
INFO:app.optimisation.candidate_evaluation:SCN-S1-005 lifecycle cost evaluated
INFO:app.optimisation.candidate_evaluation:SCN-S1-006 electrical validation completed
INFO:app.optimisation.candidate_evaluation:SCN-S1-006 engineering metrics extracted
INFO:app.optimisation.candidate_evaluation:SCN-S1-006 lifecycle cost evaluated
INFO:app.optimisation.candidate_evaluation:SCN-S1-007 electrical validation completed
INFO:app.optimisation.candidate_evaluation:SCN-S1-007 engineering metrics extracted
INFO:app.optimisation.candidate_evaluation:SCN-S1-007 lifecycle cost evaluated
INFO:app.optimisation.candidate_evaluation:SCN-S1-008 electrical validation completed
INFO:app.optimisation.candidate_evaluation:SCN-S1-008 engineering metrics extracted
INFO:app.optimisation.candidate_evaluation:SCN-S1-008 lifecycle cost evaluated
INFO:app.optimisation.candidate_evaluation:SCN-S1-009 electrical validation completed
INFO:app.optimisation.candidate_evaluation:SCN-S1-009 engineering metrics extracted
INFO:app.optimisation.candidate_evaluation:SCN-S1-009 lifecycle cost evaluated
INFO:app.optimisation.candidate_evaluation:SCN-S1-010 electrical validation completed
INFO:app.optimisation.candidate_evaluation:SCN-S1-010 engineering metrics extracted
INFO:app.optimisation.candidate_evaluation:SCN-S1-010 lifecycle cost evaluated
INFO:app.optimisation.candidate_evaluation:SCN-S1-011 electrical validation completed
INFO:app.optimisation.candidate_evaluation:SCN-S1-011 engineering metrics extracted
INFO:app.optimisation.candidate_evaluation:SCN-S1-011 lifecycle cost evaluated
INFO:app.optimisation.candidate_evaluation:SCN-S1-012 electrical validation completed
INFO:app.optimisation.candidate_evaluation:SCN-S1-012 engineering metrics extracted
INFO:app.optimisation.candidate_evaluation:SCN-S1-012 lifecycle cost evaluated
INFO:app.optimisation.candidate_evaluation:SCN-S1-013 electrical validation completed
INFO:app.optimisation.candidate_evaluation:SCN-S1-013 engineering metrics extracted
INFO:app.optimisation.candidate_evaluation:SCN-S1-013 lifecycle cost evaluated
INFO:app.optimisation.candidate_evaluation:SCN-S1-014 electrical validation completed
INFO:app.optimisation.candidate_evaluation:SCN-S1-014 engineering metrics extracted
INFO:app.optimisation.candidate_evaluation:SCN-S1-014 lifecycle cost evaluated
INFO:app.optimisation.candidate_evaluation:SCN-S1-015 electrical validation completed
INFO:app.optimisation.candidate_evaluation:SCN-S1-015 engineering metrics extracted
INFO:app.optimisation.candidate_evaluation:SCN-S1-015 lifecycle cost evaluated
INFO:app.optimisation.candidate_evaluation:SCN-S1-016 electrical validation completed
INFO:app.optimisation.candidate_evaluation:SCN-S1-016 engineering metrics extracted
INFO:app.optimisation.candidate_evaluation:SCN-S1-016 lifecycle cost evaluated
INFO:app.optimisation.candidate_evaluation:SCN-S1-017 electrical validation completed
INFO:app.optimisation.candidate_evaluation:SCN-S1-017 engineering metrics extracted
INFO:app.optimisation.candidate_evaluation:SCN-S1-017 lifecycle cost evaluated
INFO:app.optimisation.candidate_evaluation:SCN-S1-018 electrical validation completed
INFO:app.optimisation.candidate_evaluation:SCN-S1-018 engineering metrics extracted
INFO:app.optimisation.candidate_evaluation:SCN-S1-018 lifecycle cost evaluated
INFO:app.optimisation.candidate_evaluation:SCN-S1-019 electrical validation completed
INFO:app.optimisation.candidate_evaluation:SCN-S1-019 engineering metrics extracted
INFO:app.optimisation.candidate_evaluation:SCN-S1-019 lifecycle cost evaluated
INFO:app.optimisation.candidate_evaluation:SCN-S1-020 electrical validation completed
INFO:app.optimisation.candidate_evaluation:SCN-S1-020 engineering metrics extracted
INFO:app.optimisation.candidate_evaluation:SCN-S1-020 lifecycle cost evaluated
INFO:app.optimisation.candidate_evaluation:SCN-S1-021 electrical validation completed
INFO:app.optimisation.candidate_evaluation:SCN-S1-021 engineering metrics extracted
INFO:app.optimisation.candidate_evaluation:SCN-S1-021 lifecycle cost evaluated
INFO:app.optimisation.candidate_evaluation:SCN-S1-022 electrical validation completed
INFO:app.optimisation.candidate_evaluation:SCN-S1-022 engineering metrics extracted
INFO:app.optimisation.candidate_evaluation:SCN-S1-022 lifecycle cost evaluated
INFO:app.optimisation.candidate_evaluation:SCN-S1-023 electrical validation completed
INFO:app.optimisation.candidate_evaluation:SCN-S1-023 engineering metrics extracted
INFO:app.optimisation.candidate_evaluation:SCN-S1-023 lifecycle cost evaluated
INFO:app.optimisation.candidate_evaluation:SCN-S1-024 electrical validation completed
INFO:app.optimisation.candidate_evaluation:SCN-S1-024 engineering metrics extracted
INFO:app.optimisation.candidate_evaluation:SCN-S1-024 lifecycle cost evaluated
INFO:app.optimisation.candidate_evaluation:SCN-S1-025 electrical validation completed
INFO:app.optimisation.candidate_evaluation:SCN-S1-025 engineering metrics extracted
INFO:app.optimisation.candidate_evaluation:SCN-S1-025 lifecycle cost evaluated
INFO:app.optimisation.candidate_evaluation:SCN-S1-026 electrical validation completed
INFO:app.optimisation.candidate_evaluation:SCN-S1-026 engineering metrics extracted
INFO:app.optimisation.candidate_evaluation:SCN-S1-026 lifecycle cost evaluated
INFO:app.optimisation.candidate_evaluation:SCN-S1-027 electrical validation completed
INFO:app.optimisation.candidate_evaluation:SCN-S1-027 engineering metrics extracted
INFO:app.optimisation.candidate_evaluation:SCN-S1-027 lifecycle cost evaluated
INFO:app.optimisation.candidate_evaluation:SCN-S1-028 electrical validation completed
INFO:app.optimisation.candidate_evaluation:SCN-S1-028 engineering metrics extracted
INFO:app.optimisation.candidate_evaluation:SCN-S1-028 lifecycle cost evaluated
INFO:app.optimisation.candidate_evaluation:SCN-S1-029 electrical validation completed
INFO:app.optimisation.candidate_evaluation:SCN-S1-029 engineering metrics extracted
INFO:app.optimisation.candidate_evaluation:SCN-S1-029 lifecycle cost evaluated
INFO:app.optimisation.candidate_evaluation:SCN-S1-030 electrical validation completed
INFO:app.optimisation.candidate_evaluation:SCN-S1-030 engineering metrics extracted
INFO:app.optimisation.candidate_evaluation:SCN-S1-030 lifecycle cost evaluated
INFO:app.optimisation.candidate_evaluation:SCN-S1-031 electrical validation completed
INFO:app.optimisation.candidate_evaluation:SCN-S1-031 engineering metrics extracted
INFO:app.optimisation.candidate_evaluation:SCN-S1-031 lifecycle cost evaluated
INFO:app.optimisation.candidate_evaluation:SCN-S1-032 electrical validation completed
INFO:app.optimisation.candidate_evaluation:SCN-S1-032 engineering metrics extracted
INFO:app.optimisation.candidate_evaluation:SCN-S1-032 lifecycle cost evaluated
INFO:app.optimisation.candidate_evaluation:SCN-S1-033 electrical validation completed
INFO:app.optimisation.candidate_evaluation:SCN-S1-033 engineering metrics extracted
INFO:app.optimisation.candidate_evaluation:SCN-S1-033 lifecycle cost evaluated
INFO:app.optimisation.candidate_evaluation:SCN-S1-034 electrical validation completed
INFO:app.optimisation.candidate_evaluation:SCN-S1-034 engineering metrics extracted
INFO:app.optimisation.candidate_evaluation:SCN-S1-034 lifecycle cost evaluated
INFO:app.optimisation.candidate_evaluation:SCN-S1-035 electrical validation completed
INFO:app.optimisation.candidate_evaluation:SCN-S1-035 engineering metrics extracted
INFO:app.optimisation.candidate_evaluation:SCN-S1-035 lifecycle cost evaluated
INFO:app.optimisation.candidate_evaluation:SCN-S1-036 electrical validation completed
INFO:app.optimisation.candidate_evaluation:SCN-S1-036 engineering metrics extracted
INFO:app.optimisation.candidate_evaluation:SCN-S1-036 lifecycle cost evaluated
INFO:app.optimisation.candidate_evaluation:SCN-S1-037 electrical validation completed
INFO:app.optimisation.candidate_evaluation:SCN-S1-037 engineering metrics extracted
INFO:app.optimisation.candidate_evaluation:SCN-S1-037 lifecycle cost evaluated
INFO:app.optimisation.candidate_evaluation:SCN-S1-038 electrical validation completed
INFO:app.optimisation.candidate_evaluation:SCN-S1-038 engineering metrics extracted
INFO:app.optimisation.candidate_evaluation:SCN-S1-038 lifecycle cost evaluated
INFO:app.optimisation.candidate_evaluation:SCN-S1-039 electrical validation completed
INFO:app.optimisation.candidate_evaluation:SCN-S1-039 engineering metrics extracted
INFO:app.optimisation.candidate_evaluation:SCN-S1-039 lifecycle cost evaluated
INFO:app.optimisation.candidate_evaluation:SCN-S1-040 electrical validation completed
INFO:app.optimisation.candidate_evaluation:SCN-S1-040 engineering metrics extracted
INFO:app.optimisation.candidate_evaluation:SCN-S1-040 lifecycle cost evaluated
INFO:app.optimisation.orchestrator:Recommended candidate: SCN-S1-020
INFO:app.optimisation.orchestrator:Optimisation completed with status: SUCCESS
INFO:root:Finished SYN-5-MIXED-40.json with status SUCCESS
